[www.teamcherry.com.au/index.html]
[backblue.gif]
[fade.gif]
[index.html]
[www.teamcherry.com.au/bloga409]
[www.teamcherry.com.au/cart.html]
[www.teamcherry.com.au/games.html]
[www.teamcherry.com.au/merchandise.html]
[www.teamcherry.com.au/about.html]
[www.teamcherry.com.au/blog/silksong-patch-4.html]
[www.teamcherry.com.au/blog/silksong-patch-3.html]
[www.teamcherry.com.au/blog/silksong-patch-2.html]
[www.teamcherry.com.au/blog/silksong-patch-1.html]
[www.teamcherry.com.au/blog/silksong-available-now.html]
[www.teamcherry.com.au/blog/category/Team+Cherry+Games.html]
[www.teamcherry.com.au/index00e4.html]
[www.teamcherry.com.au/blog.html]
[www.teamcherry.com.au/faq.html]
[www.teamcherry.com.au/index.html]
[www.teamcherry.com.au/cart.html]
[www.teamcherry.com.au/contact.html]
[www.teamcherry.com.au/_/cdn.embedly.com/widgets/media.e4208.delayed]
[www.teamcherry.com.au/_/cdn.embedly.com/widgets/media.fb9f8.delayed]
[www.teamcherry.com.au/games.html]
[www.teamcherry.com.au/merchandise.html]
[www.teamcherry.com.au/about.html]
[www.teamcherry.com.au/blog/silksong-patch-4.html]
[www.teamcherry.com.au/blog/silksong-patch-3.html]
[www.teamcherry.com.au/blog/silksong-patch-2.html]
[www.teamcherry.com.au/blog/silksong-patch-1.html]
[www.teamcherry.com.au/blog/tag/Hollow+Knight.html]
[www.teamcherry.com.au/indexbb1d.html]
[www.teamcherry.com.au/index23f9.html]
[www.teamcherry.com.au/blog/tag/Silksong.html]
[www.teamcherry.com.au/blog/silksong-available-now.html]
[www.teamcherry.com.au/blog/11xf7azcuebhybgossfhdc0mphiqbs-en88t-53h3w.html]
[www.teamcherry.com.au/blog/11xf7azcuebhybgossfhdc0mphiqbs-en88t.html]
[www.teamcherry.com.au/blog/11xf7azcuebhybgossfhdc0mphiqbs.html]
[www.teamcherry.com.au/blog/category/Team+Cherry+Games.html]
[www.teamcherry.com.au/blog/post-e3-wrap-silksong-systems-update.html]
[www.teamcherry.com.au/index00e4.html]
[www.teamcherry.com.au/blog/hk-physical-late-anniversary-celebration-silksong-mini-update.html]
[www.teamcherry.com.au/blog.html]
[www.teamcherry.com.au/faq.html]
[www.teamcherry.com.au/contact.html]
[www.teamcherry.com.au/_/cdn.embedly.com/widgets/media4208.html]
[www.teamcherry.com.au/_/cdn.embedly.com/widgets/mediab9f8.html]
[www.teamcherry.com.au/indexbb1d.html]
[www.teamcherry.com.au/index23f9.html]
[www.teamcherry.com.au/index9b34.html]
[www.teamcherry.com.au/blog/tag/Hollow+Knight.html]
[www.teamcherry.com.au/indexd2f4.html]
[www.teamcherry.com.au/blog/tag/Silksong.html]
[www.teamcherry.com.au/indexe626.html]
[www.teamcherry.com.au/index746f.html]
[www.teamcherry.com.au/indexb286.html]
[www.teamcherry.com.au/index4ad4.html]
[www.teamcherry.com.au/_https_/www.youtube.com/embed/6XGeJwsUP9c.176b6f.delayed]
[www.teamcherry.com.au/blog/_https_/www.youtube.com/embed/6XGeJwsUP9c.18250f.delayed]
[www.teamcherry.com.au/blog/11xf7azcuebhybgossfhdc0mphiqbs-en88t-53h3w.html]
[www.teamcherry.com.au/blog/11xf7azcuebhybgossfhdc0mphiqbs-en88t.html]
[www.teamcherry.com.au/_/cdn.embedly.com/widgets/media.199e6a.delayed]
[www.teamcherry.com.au/_/cdn.embedly.com/widgets/media.1a5086.delayed]
[www.teamcherry.com.au/blog/11xf7azcuebhybgossfhdc0mphiqbs.html]
[www.teamcherry.com.au/_/cdn.embedly.com/widgets/media.1b0730.delayed]
[www.teamcherry.com.au/blog/post-e3-wrap-silksong-systems-update.html]
[www.teamcherry.com.au/blog/hollow-knight-silksong-revealed.html]
[www.teamcherry.com.au/blog/ready-your-needle.html]
[www.teamcherry.com.au/blog/happy-hollowmas.html]
[www.teamcherry.com.au/index746f.html]
[www.teamcherry.com.au/blog/hk-physical-late-anniversary-celebration-silksong-mini-update.html]
[www.teamcherry.com.au/indexd2f4.html]
[www.teamcherry.com.au/blog/a-hrefhttpteamcherrycomauvoidheart-edition-out-now-titlelink-to-hollow-knight-voidheart-edition-out-nowhollow-knight-voidheart-edition-out-nowa.html]
[www.teamcherry.com.au/blog/hollow-knight-voidheart-edition-releasing-on-playstation-4-and-xbox-one-september-25th.html]
[www.teamcherry.com.au/index9b34.html]
[www.teamcherry.com.au/index84e5.html]
[www.teamcherry.com.au/indexe626.html]
[www.teamcherry.com.au/index8bb6.html]
[www.teamcherry.com.au/indexb286.html]
[www.teamcherry.com.au/index460f.html]
[www.teamcherry.com.au/index7250.html]
[www.teamcherry.com.au/index4ad4.html]
[www.teamcherry.com.au/index02e2.html]
[www.teamcherry.com.au/_https_/www.youtube.com/embed/6XGeJwsUP9c6b6f.html]
[www.teamcherry.com.au/index4721.html]
[www.teamcherry.com.au/index6b2a.html]
[www.teamcherry.com.au/indexec9e.html]
[www.teamcherry.com.au/blog/_https_/www.youtube.com/embed/6XGeJwsUP9c250f.html]
[www.teamcherry.com.au/_/cdn.embedly.com/widgets/media9e6a.html]
[www.teamcherry.com.au/_/cdn.embedly.com/widgets/media5086.html]
[www.teamcherry.com.au/_/cdn.embedly.com/widgets/media0730.html]
[www.teamcherry.com.au/indexa402.html]
[www.teamcherry.com.au/_/cdn.embedly.com/widgets/media.211ddc.delayed]
[www.teamcherry.com.au/blog/hollow-knight-silksong-revealed.html]
[www.teamcherry.com.au/blog/ready-your-needle.html]
[www.teamcherry.com.au/_/cdn.embedly.com/widgets/media.22bc0d.delayed]
[www.teamcherry.com.au/blog/happy-hollowmas.html]
[www.teamcherry.com.au/_/cdn.embedly.com/widgets/media.230e68.delayed]
[www.teamcherry.com.au/blog/a-hrefhttpteamcherrycomauvoidheart-edition-out-now-titlelink-to-hollow-knight-voidheart-edition-out-nowhollow-knight-voidheart-edition-out-nowa.html]
[www.teamcherry.com.au/index460f.html]
[www.teamcherry.com.au/blog/hollow-knight-godmaster-is-out-now-for-all-players.html]
[www.teamcherry.com.au/blog/godmaster-release-date-announced.html]
[www.teamcherry.com.au/blog/hk-switch-patch-released.html]
[www.teamcherry.com.au/blog/hollow-knight-launches-on-nintendo-switch-today.html]
[www.teamcherry.com.au/index84e5.html]
[www.teamcherry.com.au/_/cdn.embedly.com/widgets/media.288928.delayed]
[www.teamcherry.com.au/blog/hollow-knight-voidheart-edition-releasing-on-playstation-4-and-xbox-one-september-25th.html]
[www.teamcherry.com.au/index8bb6.html]
[www.teamcherry.com.au/blog/hollow-knight-lifeblood-has-launched.html]
[www.teamcherry.com.au/index7250.html]
[www.teamcherry.com.au/index9d03.html]
[www.teamcherry.com.au/index02e2.html]
[www.teamcherry.com.au/index311c.html]
[www.teamcherry.com.au/index4721.html]
[www.teamcherry.com.au/indexdb0a.html]
[www.teamcherry.com.au/indexec9e.html]
[www.teamcherry.com.au/indexb6eb.html]
[www.teamcherry.com.au/index6b2a.html]
[www.teamcherry.com.au/indexf284.html]
[www.teamcherry.com.au/indexa402.html]
[www.teamcherry.com.au/index28a7.html]
[www.teamcherry.com.au/_/cdn.embedly.com/widgets/media1ddc.html]
[www.teamcherry.com.au/_/cdn.embedly.com/widgets/mediabc0d.html]
[www.teamcherry.com.au/_/cdn.embedly.com/widgets/media0e68.html]
[www.teamcherry.com.au/blog/hollow-knight-godmaster-is-out-now-for-all-players.html]
[www.teamcherry.com.au/index22f3.html]
[www.teamcherry.com.au/indexa14b.html]
[www.teamcherry.com.au/index4a12.html]
[www.teamcherry.com.au/_/cdn.embedly.com/widgets/media.2ae5f9.delayed]
[www.teamcherry.com.au/blog/godmaster-release-date-announced.html]
[www.teamcherry.com.au/blog/hk-switch-patch-released.html]
[www.teamcherry.com.au/_/cdn.embedly.com/widgets/media.2b8143.delayed]
[www.teamcherry.com.au/blog/hollow-knight-launches-on-nintendo-switch-today.html]
[www.teamcherry.com.au/index311c.html]
[www.teamcherry.com.au/blog/hollow-knight-lifeblood-amp-switch-update.html]
[www.teamcherry.com.au/index25b0.html]
[www.teamcherry.com.au/blog/gods-amp-glory-revealed-christmas-wrap-switchy-stuff.html]
[www.teamcherry.com.au/blog/holloween-wrap-up-switch-news.html]
[www.teamcherry.com.au/blog/the-grimm-troupe-release-date-inktober-pax-aus-speedrun.html]
[www.teamcherry.com.au/index9d03.html]
[www.teamcherry.com.au/_/cdn.embedly.com/widgets/media8928.html]
[www.teamcherry.com.au/indexb6eb.html]
[www.teamcherry.com.au/blog/hollow-knight-lifeblood-has-launched.html]
[www.teamcherry.com.au/indexf284.html]
[www.teamcherry.com.au/indexdb0a.html]
[www.teamcherry.com.au/blog/the-grimm-troupe-descends.html]
[www.teamcherry.com.au/index28a7.html]
[www.teamcherry.com.au/index1fab.html]
[www.teamcherry.com.au/index22f3.html]
[www.teamcherry.com.au/indexaf4e.html]
[www.teamcherry.com.au/index75e9.html]
[www.teamcherry.com.au/indexd240.html]
[www.teamcherry.com.au/indexa14b.html]
[www.teamcherry.com.au/indexee12.html]
[www.teamcherry.com.au/index4a12.html]
[www.teamcherry.com.au/index1798.html]
[www.teamcherry.com.au/_/cdn.embedly.com/widgets/mediae5f9.html]
[www.teamcherry.com.au/index0da2.html]
[www.teamcherry.com.au/index6493.html]
[www.teamcherry.com.au/_/cdn.embedly.com/widgets/media8143.html]
[www.teamcherry.com.au/index25b0.html]
[www.teamcherry.com.au/blog/hollow-knight-lifeblood-amp-switch-update.html]
[www.teamcherry.com.au/index0c91.html]
[www.teamcherry.com.au/index5542.html]
[www.teamcherry.com.au/_/cdn.embedly.com/widgets/media.31d7f5.delayed]
[www.teamcherry.com.au/_/cdn.embedly.com/widgets/media.325d15.delayed]
[www.teamcherry.com.au/blog/gods-amp-glory-revealed-christmas-wrap-switchy-stuff.html]
[www.teamcherry.com.au/blog/holloween-wrap-up-switch-news.html]
[www.teamcherry.com.au/blog/the-grimm-troupe-release-date-inktober-pax-aus-speedrun.html]
[www.teamcherry.com.au/_/cdn.embedly.com/widgets/media.331357.delayed]
[www.teamcherry.com.au/_/cdn.embedly.com/widgets/media.34c402.delayed]
[www.teamcherry.com.au/_/cdn.embedly.com/widgets/media.35a850.delayed]
[www.teamcherry.com.au/blog/hidden-dreams-has-launched.html]
[www.teamcherry.com.au/blog/the-grimm-troupe-descends.html]
[www.teamcherry.com.au/indexaf4e.html]
[www.teamcherry.com.au/blog/hidden-dreams-update-mods-summer-games-done-quick.html]
[www.teamcherry.com.au/blog/blokkan-lands-on-kickstarter-the-yetee-going-retro.html]
[www.teamcherry.com.au/blog/hollow-knight-now-in-6-languages-amp-part-of-the-steam-summer-sale.html]
[www.teamcherry.com.au/blog/hollow-knight-indiebox-edition-almost-gone-2-days-to-get-on-it.html]
[www.teamcherry.com.au/indexd240.html]
[www.teamcherry.com.au/index75e9.html]
[www.teamcherry.com.au/index1fab.html]
[www.teamcherry.com.au/index0905.html]
[www.teamcherry.com.au/indexee12.html]
[www.teamcherry.com.au/index0da2.html]
[www.teamcherry.com.au/index6493.html]
[www.teamcherry.com.au/index6290.html]
[www.teamcherry.com.au/index2469.html]
[www.teamcherry.com.au/index1798.html]
[www.teamcherry.com.au/index0c91.html]
[www.teamcherry.com.au/index5542.html]
[www.teamcherry.com.au/indexd4ad.html]
[www.teamcherry.com.au/_/cdn.embedly.com/widgets/mediad7f5.html]
[www.teamcherry.com.au/index22fa.html]
[www.teamcherry.com.au/_/cdn.embedly.com/widgets/media5d15.html]
[www.teamcherry.com.au/_/cdn.embedly.com/widgets/media1357.html]
[www.teamcherry.com.au/_/cdn.embedly.com/widgets/mediac402.html]
[www.teamcherry.com.au/_/cdn.embedly.com/widgets/mediaa850.html]
[www.teamcherry.com.au/blog/hidden-dreams-has-launched.html]
[www.teamcherry.com.au/blog/hidden-dreams-update-mods-summer-games-done-quick.html]
[www.teamcherry.com.au/index4cf0.html]
[www.teamcherry.com.au/index65a0.html]
[www.teamcherry.com.au/indexc246.html]
[www.teamcherry.com.au/_/cdn.embedly.com/widgets/media.3ba8ef.delayed]
[www.teamcherry.com.au/blog/blokkan-lands-on-kickstarter-the-yetee-going-retro.html]
[www.teamcherry.com.au/blog/hollow-knight-now-in-6-languages-amp-part-of-the-steam-summer-sale.html]
[www.teamcherry.com.au/blog/hidden-dreams-free-for-all-official-merch-adopt-a-grub.html]
[www.teamcherry.com.au/blog/hollow-knight-indiebox-edition-almost-gone-2-days-to-get-on-it.html]
[www.teamcherry.com.au/indexd4ad.html]
[www.teamcherry.com.au/blog/hollow-knight-official-merchandise-from-fangamer.html]
[www.teamcherry.com.au/blog/hollow-knight-amp-indiebox.html]
[www.teamcherry.com.au/blog/hk-done-quick-over-100000-sold-art-pizza-thumbs-up.html]
[www.teamcherry.com.au/index6290.html]
[www.teamcherry.com.au/index2469.html]
[www.teamcherry.com.au/index0905.html]
[www.teamcherry.com.au/blog/a-hrefhttpteamcherrycomauhuge-hk-one-month-update-over-65000-copies-sold-holy-moly-titlelink-to-huge-hk-one-month-update-over-65000-copies-sold-holy-molyhuge-hk-one-month-updatea.40]
[www.teamcherry.com.au/index22fa.html]
[www.teamcherry.com.au/indexa09e.html]
[www.teamcherry.com.au/index65a0.html]
[www.teamcherry.com.au/indexe52f.html]
[www.teamcherry.com.au/index5c61.html]
[www.teamcherry.com.au/index4cf0.html]
[www.teamcherry.com.au/indexc246.html]
[www.teamcherry.com.au/indexfa8d.html]
[www.teamcherry.com.au/_/cdn.embedly.com/widgets/mediaa8ef.html]
[www.teamcherry.com.au/indexc85b.html]
[www.teamcherry.com.au/index5a04.html]
[www.teamcherry.com.au/index2042.html]
[www.teamcherry.com.au/index5b5a.html]
[www.teamcherry.com.au/_/cdn.embedly.com/widgets/media.41bba8.delayed]
[www.teamcherry.com.au/blog/hidden-dreams-free-for-all-official-merch-adopt-a-grub.html]
[www.teamcherry.com.au/blog/hollow-knight-official-merchandise-from-fangamer.html]
[www.teamcherry.com.au/blog/hollow-knight-amp-indiebox.html]
[www.teamcherry.com.au/blog/hk-done-quick-over-100000-sold-art-pizza-thumbs-up.html]
[www.teamcherry.com.au/blog/a-hrefhttpteamcherrycomau1129-2-titlelink-to-hollow-knight-is-livehollow-knight-is-livea.html]
[www.teamcherry.com.au/blog/a-hrefhttpteamcherrycomauhuge-hk-one-month-update-over-65000-copies-sold-holy-moly-titlelink-to-huge-hk-one-month-update-over-65000-copies-sold-holy-molyhuge-hk-one-month-updatea.40]
[www.teamcherry.com.au/index5c61.html]
[www.teamcherry.com.au/blog/hollow-knight-mac-debut-delay.html]
[www.teamcherry.com.au/blog/indie-fund-announce.html]
[www.teamcherry.com.au/blog/2017-begins-with-a-switch.html]
[www.teamcherry.com.au/blog/the-hollow-knight-steam-page-is-live.html]
[www.teamcherry.com.au/indexfa8d.html]
[www.teamcherry.com.au/indexa09e.html]
[www.teamcherry.com.au/indexe52f.html]
[www.teamcherry.com.au/indexd35d.html]
[www.teamcherry.com.au/indexc85b.html]
[www.teamcherry.com.au/index5b5a.html]
[www.teamcherry.com.au/indexa1e6.html]
[www.teamcherry.com.au/index2042.html]
[www.teamcherry.com.au/indexc88c.html]
[www.teamcherry.com.au/index5a04.html]
[www.teamcherry.com.au/indexf56f.html]
[www.teamcherry.com.au/_/cdn.embedly.com/widgets/mediabba8.html]
[www.teamcherry.com.au/indexfeff.html]
[www.teamcherry.com.au/blog/a-hrefhttpteamcherrycomau1129-2-titlelink-to-hollow-knight-is-livehollow-knight-is-livea.html]
[www.teamcherry.com.au/blog/hollow-knight-mac-debut-delay.html]
[www.teamcherry.com.au/blog/indie-fund-announce.html]
[www.teamcherry.com.au/blog/2017-begins-with-a-switch.html]
[www.teamcherry.com.au/index794d.html]
[www.teamcherry.com.au/index449a.html]
[www.teamcherry.com.au/indexcecf.html]
[www.teamcherry.com.au/blog/the-hollow-knight-steam-page-is-live.html]
[www.teamcherry.com.au/indexc88c.html]
[www.teamcherry.com.au/blog/day-of-the-devs-more-game-features-team-update.html]
[www.teamcherry.com.au/blog/a-hrefhttpteamcherrycomauoctober-update-the-mystic-jiji-titlelink-to-october-update-the-mystic-jijioctober-update-the-mystic-jijia.html]
[www.teamcherry.com.au/blog/filling-out-the-hunters-journal-interview-and-game-informer.html]
[www.teamcherry.com.au/blog/new-addition-to-the-team-and-release-update.html]
[www.teamcherry.com.au/indexf56f.html]
[www.teamcherry.com.au/indexa1e6.html]
[www.teamcherry.com.au/indexd35d.html]
[www.teamcherry.com.au/blog/hollow-knights-mega-may-update.html]
[www.teamcherry.com.au/indexfeff.html]
[www.teamcherry.com.au/index65dc.html]
[www.teamcherry.com.au/index794d.html]
[www.teamcherry.com.au/index1b21.html]
[www.teamcherry.com.au/index449a.html]
[www.teamcherry.com.au/index47ad.html]
[www.teamcherry.com.au/index1b97.html]
[www.teamcherry.com.au/indexcecf.html]
[www.teamcherry.com.au/index44f6.html]
[www.teamcherry.com.au/blog/day-of-the-devs-more-game-features-team-update.html]
[www.teamcherry.com.au/blog/a-hrefhttpteamcherrycomauoctober-update-the-mystic-jiji-titlelink-to-october-update-the-mystic-jijioctober-update-the-mystic-jijia.html]
[www.teamcherry.com.au/blog/filling-out-the-hunters-journal-interview-and-game-informer.html]
[www.teamcherry.com.au/blog/new-addition-to-the-team-and-release-update.html]
[www.teamcherry.com.au/indexc343.html]
[www.teamcherry.com.au/index0675.html]
[www.teamcherry.com.au/index7637.html]
[www.teamcherry.com.au/blog/hollow-knights-mega-may-update.html]
[www.teamcherry.com.au/index1b97.html]
[www.teamcherry.com.au/blog/post-easter-update-white-palace-backer-npc-hollow-knight-at-gdc.html]
[www.teamcherry.com.au/blog/revealing-the-power-of-the-charms.html]
[www.teamcherry.com.au/blog/2016-the-year-of-hollow-knight.html]
[www.teamcherry.com.au/blog/backer-ghosts-fungal-wastes-front-page-of-reddit.html]
[www.teamcherry.com.au/index1b21.html]
[www.teamcherry.com.au/index47ad.html]
[www.teamcherry.com.au/index65dc.html]
[www.teamcherry.com.au/blog/post-pax-new-site-ferocious-foes-trailer.html]
[www.teamcherry.com.au/index44f6.html]
[www.teamcherry.com.au/index5851.html]
[www.teamcherry.com.au/index7637.html]
[www.teamcherry.com.au/indexb4c4.html]
[www.teamcherry.com.au/index0675.html]
[www.teamcherry.com.au/index5e72.html]
[www.teamcherry.com.au/indexae0a.html]
[www.teamcherry.com.au/indexc343.html]
[www.teamcherry.com.au/index4188.html]
[www.teamcherry.com.au/blog/post-easter-update-white-palace-backer-npc-hollow-knight-at-gdc.html]
[www.teamcherry.com.au/blog/revealing-the-power-of-the-charms.html]
[www.teamcherry.com.au/blog/2016-the-year-of-hollow-knight.html]
[www.teamcherry.com.au/blog/backer-ghosts-fungal-wastes-front-page-of-reddit.html]
[www.teamcherry.com.au/index1226.html]
[www.teamcherry.com.au/indexe830.html]
[www.teamcherry.com.au/index1d52.html]
[www.teamcherry.com.au/_/cdn.embedly.com/widgets/media.51ed72.delayed]
[www.teamcherry.com.au/blog/post-pax-new-site-ferocious-foes-trailer.html]
[www.teamcherry.com.au/indexb4c4.html]
[www.teamcherry.com.au/blog/post-beta-update-vids-guides-amp-concept-art.html]
[www.teamcherry.com.au/blog/beta-looming-royal-quarter-pax-aus-here-we-come.html]
[www.teamcherry.com.au/blog/hollow-knight-is-coming-to-pax-aus.html]
[www.teamcherry.com.au/blog/kings-pass-gameplay-playtests-conventions-team-cherrys-working-hard.html]
[www.teamcherry.com.au/blog/hollow-knight-then-and-now.html]
[www.teamcherry.com.au/indexae0a.html]
[www.teamcherry.com.au/index5e72.html]
[www.teamcherry.com.au/index5851.html]
[www.teamcherry.com.au/index9efb.html]
[www.teamcherry.com.au/index716e.html]
[www.teamcherry.com.au/index4188.html]
[www.teamcherry.com.au/index1226.html]
[www.teamcherry.com.au/index5b1b.html]
[www.teamcherry.com.au/indexe830.html]
[www.teamcherry.com.au/index1d52.html]
[www.teamcherry.com.au/index6076.html]
[www.teamcherry.com.au/_/cdn.embedly.com/widgets/mediaed72.html]
[www.teamcherry.com.au/index4f48.html]
[www.teamcherry.com.au/indexb6f7.html]
[www.teamcherry.com.au/blog/post-beta-update-vids-guides-amp-concept-art.html]
[www.teamcherry.com.au/blog/beta-looming-royal-quarter-pax-aus-here-we-come.html]
[www.teamcherry.com.au/blog/hollow-knight-is-coming-to-pax-aus.html]
[www.teamcherry.com.au/index7316.html]
[www.teamcherry.com.au/index8934.html]
[www.teamcherry.com.au/_/cdn.embedly.com/widgets/media.57f764.delayed]
[www.teamcherry.com.au/blog/kings-pass-gameplay-playtests-conventions-team-cherrys-working-hard.html]
[www.teamcherry.com.au/blog/the-green-path-a-hollow-knight-tour.html]
[www.teamcherry.com.au/blog/hollow-knight-then-and-now.html]
[www.teamcherry.com.au/index5b1b.html]
[www.teamcherry.com.au/blog/inside-the-mind-of-a-bug-unity-and-playmaker.html]
[www.teamcherry.com.au/blog/kings-pass-and-fan-art-compilation.html]
[www.teamcherry.com.au/blog/composers-sound-designers-hollow-knights-getting-aural.html]
[www.teamcherry.com.au/blog/team-cherry-is-back-new-year-new-office-new-team-mate-new-engine.html]
[www.teamcherry.com.au/index6076.html]
[www.teamcherry.com.au/index9efb.html]
[www.teamcherry.com.au/index716e.html]
[www.teamcherry.com.au/indexfb7b.html]
[www.teamcherry.com.au/index4f48.html]
[www.teamcherry.com.au/indexb6f7.html]
[www.teamcherry.com.au/index11b4.html]
[www.teamcherry.com.au/index7316.html]
[www.teamcherry.com.au/index94a6.html]
[www.teamcherry.com.au/index0b86.html]
[www.teamcherry.com.au/indexd66e.html]
[www.teamcherry.com.au/index8934.html]
[www.teamcherry.com.au/_/cdn.embedly.com/widgets/mediaf764.html]
[www.teamcherry.com.au/blog/the-green-path-a-hollow-knight-tour.html]
[www.teamcherry.com.au/blog/inside-the-mind-of-a-bug-unity-and-playmaker.html]
[www.teamcherry.com.au/blog/kings-pass-and-fan-art-compilation.html]
[www.teamcherry.com.au/blog/composers-sound-designers-hollow-knights-getting-aural.html]
[www.teamcherry.com.au/indexf75c.html]
[www.teamcherry.com.au/blog/closing-in-on-the-colosseum.html]
[www.teamcherry.com.au/blog/team-cherry-is-back-new-year-new-office-new-team-mate-new-engine.html]
[www.teamcherry.com.au/index94a6.html]
[www.teamcherry.com.au/indexccb1.html]
[www.teamcherry.com.au/index36e5.html]
[www.teamcherry.com.au/blog/buy-your-very-own-hollow-knight-figure.html]
[www.teamcherry.com.au/blog/watch-ari-die-repeatedly-in-this-new-hollow-knight-gameplay-video.html]
[www.teamcherry.com.au/blog/hollow-knight-has-been-greenlit.html]
[www.teamcherry.com.au/blog/the-creatures-of-hallownest.html]
[www.teamcherry.com.au/indexd66e.html]
[www.teamcherry.com.au/index0b86.html]
[www.teamcherry.com.au/indexfb7b.html]
[www.teamcherry.com.au/indexd02d.html]
[www.teamcherry.com.au/index11b4.html]
[www.teamcherry.com.au/indexf75c.html]
[www.teamcherry.com.au/index1b33.html]
[www.teamcherry.com.au/index1940.html]
[www.teamcherry.com.au/index36e5.html]
[www.teamcherry.com.au/indexccb1.html]
[www.teamcherry.com.au/index09de.html]
[www.teamcherry.com.au/blog/closing-in-on-the-colosseum.html]
[www.teamcherry.com.au/indexd090.html]
[www.teamcherry.com.au/indexf27f.html]
[www.teamcherry.com.au/blog/buy-your-very-own-hollow-knight-figure.html]
[www.teamcherry.com.au/indexc680.html]
[www.teamcherry.com.au/indexbc24.html]
[www.teamcherry.com.au/_/cdn.embedly.com/widgets/media.620362.delayed]
[www.teamcherry.com.au/blog/watch-ari-die-repeatedly-in-this-new-hollow-knight-gameplay-video.html]
[www.teamcherry.com.au/blog/hollow-knight-has-been-greenlit.html]
[www.teamcherry.com.au/blog/the-creatures-of-hallownest.html]
[www.teamcherry.com.au/index1b33.html]
[www.teamcherry.com.au/blog/hollow-knight-is-on-steam-greenlight.html]
[www.teamcherry.com.au/blog/the-forgotten-crossroads-a-hollow-knight-tour.html]
[www.teamcherry.com.au/blog/introducing-hollow-knight.html]
[www.teamcherry.com.au/index1940.html]
[www.teamcherry.com.au/index09de.html]
[www.teamcherry.com.au/indexd02d.html]
[www.teamcherry.com.au/indexf27f.html]
[www.teamcherry.com.au/indexd090.html]
[www.teamcherry.com.au/blog/team-cherry-site-is-launched.html]
[www.teamcherry.com.au/indexc680.html]
[www.teamcherry.com.au/indexbc24.html]
[www.teamcherry.com.au/index9bce.html]
[www.teamcherry.com.au/_/cdn.embedly.com/widgets/media0362.html]
[www.teamcherry.com.au/blog/hollow-knight-is-on-steam-greenlight.html]
[www.teamcherry.com.au/blog/the-forgotten-crossroads-a-hollow-knight-tour.html]
[www.teamcherry.com.au/blog/introducing-hollow-knight.html]
[www.teamcherry.com.au/blog/team-cherry-site-is-launched.html]
[www.teamcherry.com.au/index9bce.html]
[www.teamcherry.com.au/index308a.html]
[www.teamcherry.com.au/index1f9d.html]
[www.teamcherry.com.au/index308a.html]
[www.teamcherry.com.au/index1f9d.html]
[www.teamcherry.com.au/index41fc.html]
[www.teamcherry.com.au/index41fc.html]
